---
source: packages/generator/src/lib.rs
expression: ts
---
import * as __typ from 'typed-cstruct';
export function A() {
  return new __typ.Struct()
    .field('a', __typ.sizedArray(__typ.i32,3))
}
